
[1m[46m RUN [49m[22m [36mv3.2.7 [39m[90md:/D-Proyectos/D-3-FLU-OS4[39m

 [32m✓[39m tests/httpClient.test.ts [2m([22m[2m5 tests[22m[2m)[22m[33m 665[2mms[22m[39m
   [33m[2m✓[22m[39m httpClient — fetchTextEngineResilient[2m > [22mreintenta 1 vez ante TypeError (Failed to fetch) y resuelve si el 2º intento funciona [33m 320[2mms[22m[39m
   [33m[2m✓[22m[39m httpClient — fetchTextEngineResilient[2m > [22msi el fallo de transporte persiste, normaliza a gemini_network (no TypeError crudo) [33m 322[2mms[22m[39m
[90mstderr[2m | tests/hooks/useConfigPersistence.test.ts[2m > [22m[2museConfigPersistence[2m > [22m[2m1. Carga valores iniciales desde localStorage
[22m[39m[useAuditLog] Error loading logs: [DexieError [MissingAPIError]: IndexedDB API missing. Please visit https://tinyurl.com/y2uuvskb] {
  inner: [1mnull[22m
}
An update to TestComponent inside a test was not wrapped in act(...).

When testing, code that causes React state updates should be wrapped into act(...):

act(() => {
  /* fire events that update state */
});
/* assert on the output */

This ensures that you're testing the behavior the user would see in the browser. Learn more at https://react.dev/link/wrap-tests-with-act

[90mstderr[2m | tests/hooks/useConfigPersistence.test.ts[2m > [22m[2museConfigPersistence[2m > [22m[2m2. handleTextApiKeyCommit guarda en localStorage
[22m[39m[useAuditLog] Error loading logs: [DexieError [MissingAPIError]: IndexedDB API missing. Please visit https://tinyurl.com/y2uuvskb] {
  inner: [1mnull[22m
}
An update to TestComponent inside a test was not wrapped in act(...).

When testing, code that causes React state updates should be wrapped into act(...):

act(() => {
  /* fire events that update state */
});
/* assert on the output */

This ensures that you're testing the behavior the user would see in the browser. Learn more at https://react.dev/link/wrap-tests-with-act

[90mstderr[2m | tests/hooks/useConfigPersistence.test.ts[2m > [22m[2museConfigPersistence[2m > [22m[2m2. handleTextApiKeyCommit guarda en localStorage
[22m[39m[DexieError [DatabaseClosedError]: MissingAPIError IndexedDB API missing. Please visit https://tinyurl.com/y2uuvskb] {
  inner: [DexieError [MissingAPIError]: IndexedDB API missing. Please visit https://tinyurl.com/y2uuvskb] {
    inner: [1mnull[22m
  }
}

[90mstderr[2m | tests/hooks/useConfigPersistence.test.ts[2m > [22m[2museConfigPersistence[2m > [22m[2m3. handleTextModelCommit guarda modelo en localStorage
[22m[39m[useAuditLog] Error loading logs: [DexieError [MissingAPIError]: IndexedDB API missing. Please visit https://tinyurl.com/y2uuvskb] {
  inner: [1mnull[22m
}
An update to TestComponent inside a test was not wrapped in act(...).

When testing, code that causes React state updates should be wrapped into act(...):

act(() => {
  /* fire events that update state */
});
/* assert on the output */

This ensures that you're testing the behavior the user would see in the browser. Learn more at https://react.dev/link/wrap-tests-with-act

[90mstderr[2m | tests/hooks/useConfigPersistence.test.ts[2m > [22m[2museConfigPersistence[2m > [22m[2m3. handleTextModelCommit guarda modelo en localStorage
[22m[39m[DexieError [DatabaseClosedError]: MissingAPIError IndexedDB API missing. Please visit https://tinyurl.com/y2uuvskb] {
  inner: [DexieError [MissingAPIError]: IndexedDB API missing. Please visit https://tinyurl.com/y2uuvskb] {
    inner: [1mnull[22m
  }
}

[90mstderr[2m | tests/hooks/useConfigPersistence.test.ts[2m > [22m[2museConfigPersistence[2m > [22m[2m4. handleTextApiUrlCommit guarda URL en localStorage
[22m[39m[useAuditLog] Error loading logs: [DexieError [MissingAPIError]: IndexedDB API missing. Please visit https://tinyurl.com/y2uuvskb] {
  inner: [1mnull[22m
}
An update to TestComponent inside a test was not wrapped in act(...).

When testing, code that causes React state updates should be wrapped into act(...):

act(() => {
  /* fire events that update state */
});
/* assert on the output */

This ensures that you're testing the behavior the user would see in the browser. Learn more at https://react.dev/link/wrap-tests-with-act

[90mstderr[2m | tests/hooks/useConfigPersistence.test.ts[2m > [22m[2museConfigPersistence[2m > [22m[2m4. handleTextApiUrlCommit guarda URL en localStorage
[22m[39m[DexieError [DatabaseClosedError]: MissingAPIError IndexedDB API missing. Please visit https://tinyurl.com/y2uuvskb] {
  inner: [DexieError [MissingAPIError]: IndexedDB API missing. Please visit https://tinyurl.com/y2uuvskb] {
    inner: [1mnull[22m
  }
}

[90mstderr[2m | tests/hooks/useConfigPersistence.test.ts[2m > [22m[2museConfigPersistence[2m > [22m[2m5. setLanguage actualiza estado y ref
[22m[39m[useAuditLog] Error loading logs: [DexieError [MissingAPIError]: IndexedDB API missing. Please visit https://tinyurl.com/y2uuvskb] {
  inner: [1mnull[22m
}
An update to TestComponent inside a test was not wrapped in act(...).

When testing, code that causes React state updates should be wrapped into act(...):

act(() => {
  /* fire events that update state */
});
/* assert on the output */

This ensures that you're testing the behavior the user would see in the browser. Learn more at https://react.dev/link/wrap-tests-with-act

 [32m✓[39m tests/idleDeterministicBehavior.test.ts [2m([22m[2m5 tests[22m[2m)[22m[33m 642[2mms[22m[39m
[90mstderr[2m | tests/hooks/useConfigPersistence.test.ts[2m > [22m[2museConfigPersistence[2m > [22m[2m6. setSessionRole actualiza estado y ref
[22m[39m[useAuditLog] Error loading logs: [DexieError [MissingAPIError]: IndexedDB API missing. Please visit https://tinyurl.com/y2uuvskb] {
  inner: [1mnull[22m
}
An update to TestComponent inside a test was not wrapped in act(...).

When testing, code that causes React state updates should be wrapped into act(...):

act(() => {
  /* fire events that update state */
});
/* assert on the output */

This ensures that you're testing the behavior the user would see in the browser. Learn more at https://react.dev/link/wrap-tests-with-act

[90mstderr[2m | tests/hooks/useConfigPersistence.test.ts[2m > [22m[2museConfigPersistence[2m > [22m[2m7. Carga voices desde speechSynthesis
[22m[39m[useAuditLog] Error loading logs: [DexieError [MissingAPIError]: IndexedDB API missing. Please visit https://tinyurl.com/y2uuvskb] {
  inner: [1mnull[22m
}
An update to TestComponent inside a test was not wrapped in act(...).

When testing, code that causes React state updates should be wrapped into act(...):

act(() => {
  /* fire events that update state */
});
/* assert on the output */

This ensures that you're testing the behavior the user would see in the browser. Learn more at https://react.dev/link/wrap-tests-with-act

[90mstderr[2m | tests/hooks/useConfigPersistence.test.ts[2m > [22m[2museConfigPersistence[2m > [22m[2m8. handleImageApiKeyCommit guarda clave de imagen
[22m[39m[useAuditLog] Error loading logs: [DexieError [MissingAPIError]: IndexedDB API missing. Please visit https://tinyurl.com/y2uuvskb] {
  inner: [1mnull[22m
}
An update to TestComponent inside a test was not wrapped in act(...).

When testing, code that causes React state updates should be wrapped into act(...):

act(() => {
  /* fire events that update state */
});
/* assert on the output */

This ensures that you're testing the behavior the user would see in the browser. Learn more at https://react.dev/link/wrap-tests-with-act

[90mstderr[2m | tests/hooks/useConfigPersistence.test.ts[2m > [22m[2museConfigPersistence[2m > [22m[2m8. handleImageApiKeyCommit guarda clave de imagen
[22m[39m[DexieError [DatabaseClosedError]: MissingAPIError IndexedDB API missing. Please visit https://tinyurl.com/y2uuvskb] {
  inner: [DexieError [MissingAPIError]: IndexedDB API missing. Please visit https://tinyurl.com/y2uuvskb] {
    inner: [1mnull[22m
  }
}

[90mstderr[2m | tests/hooks/useConfigPersistence.test.ts[2m > [22m[2museConfigPersistence[2m > [22m[2m9. handleImageModelCommit guarda modelo de imagen
[22m[39m[useAuditLog] Error loading logs: [DexieError [MissingAPIError]: IndexedDB API missing. Please visit https://tinyurl.com/y2uuvskb] {
  inner: [1mnull[22m
}
An update to TestComponent inside a test was not wrapped in act(...).

When testing, code that causes React state updates should be wrapped into act(...):

act(() => {
  /* fire events that update state */
});
/* assert on the output */

This ensures that you're testing the behavior the user would see in the browser. Learn more at https://react.dev/link/wrap-tests-with-act

[90mstderr[2m | tests/hooks/useConfigPersistence.test.ts[2m > [22m[2museConfigPersistence[2m > [22m[2m9. handleImageModelCommit guarda modelo de imagen
[22m[39m[DexieError [DatabaseClosedError]: MissingAPIError IndexedDB API missing. Please visit https://tinyurl.com/y2uuvskb] {
  inner: [DexieError [MissingAPIError]: IndexedDB API missing. Please visit https://tinyurl.com/y2uuvskb] {
    inner: [1mnull[22m
  }
}

[90mstderr[2m | tests/hooks/useConfigPersistence.test.ts[2m > [22m[2museConfigPersistence[2m > [22m[2m10. handleImageApiUrlCommit guarda URL de imagen
[22m[39m[useAuditLog] Error loading logs: [DexieError [MissingAPIError]: IndexedDB API missing. Please visit https://tinyurl.com/y2uuvskb] {
  inner: [1mnull[22m
}
An update to TestComponent inside a test was not wrapped in act(...).

When testing, code that causes React state updates should be wrapped into act(...):

act(() => {
  /* fire events that update state */
});
/* assert on the output */

This ensures that you're testing the behavior the user would see in the browser. Learn more at https://react.dev/link/wrap-tests-with-act

[90mstderr[2m | tests/hooks/useConfigPersistence.test.ts[2m > [22m[2museConfigPersistence[2m > [22m[2m10. handleImageApiUrlCommit guarda URL de imagen
[22m[39m[DexieError [DatabaseClosedError]: MissingAPIError IndexedDB API missing. Please visit https://tinyurl.com/y2uuvskb] {
  inner: [DexieError [MissingAPIError]: IndexedDB API missing. Please visit https://tinyurl.com/y2uuvskb] {
    inner: [1mnull[22m
  }
}

[90mstderr[2m | tests/hooks/useConfigPersistence.test.ts[2m > [22m[2museConfigPersistence[2m > [22m[2m16. handleGeminiApiKeyCommit guarda clave de Gemini dedicada
[22m[39m[useAuditLog] Error loading logs: [DexieError [MissingAPIError]: IndexedDB API missing. Please visit https://tinyurl.com/y2uuvskb] {
  inner: [1mnull[22m
}
An update to TestComponent inside a test was not wrapped in act(...).

When testing, code that causes React state updates should be wrapped into act(...):

act(() => {
  /* fire events that update state */
});
/* assert on the output */

This ensures that you're testing the behavior the user would see in the browser. Learn more at https://react.dev/link/wrap-tests-with-act

[90mstderr[2m | tests/hooks/useConfigPersistence.test.ts[2m > [22m[2museConfigPersistence[2m > [22m[2m16. handleGeminiApiKeyCommit guarda clave de Gemini dedicada
[22m[39m[DexieError [DatabaseClosedError]: MissingAPIError IndexedDB API missing. Please visit https://tinyurl.com/y2uuvskb] {
  inner: [DexieError [MissingAPIError]: IndexedDB API missing. Please visit https://tinyurl.com/y2uuvskb] {
    inner: [1mnull[22m
  }
}

[90mstderr[2m | tests/hooks/useConfigPersistence.test.ts[2m > [22m[2museConfigPersistence[2m > [22m[2m18. geminiApiKey carga desde localStorage dedicado y hace fallback a la clave de texto
[22m[39m[useAuditLog] Error loading logs: [DexieError [MissingAPIError]: IndexedDB API missing. Please visit https://tinyurl.com/y2uuvskb] {
  inner: [1mnull[22m
}
An update to TestComponent inside a test was not wrapped in act(...).

When testing, code that causes React state updates should be wrapped into act(...):

act(() => {
  /* fire events that update state */
});
/* assert on the output */

This ensures that you're testing the behavior the user would see in the browser. Learn more at https://react.dev/link/wrap-tests-with-act
[useAuditLog] Error loading logs: [DexieError [MissingAPIError]: IndexedDB API missing. Please visit https://tinyurl.com/y2uuvskb] {
  inner: [1mnull[22m
}
An update to TestComponent inside a test was not wrapped in act(...).

When testing, code that causes React state updates should be wrapped into act(...):

act(() => {
  /* fire events that update state */
});
/* assert on the output */

This ensures that you're testing the behavior the user would see in the browser. Learn more at https://react.dev/link/wrap-tests-with-act

[90mstderr[2m | tests/hooks/useConfigPersistence.test.ts[2m > [22m[2museConfigPersistence[2m > [22m[2m13. handleOcrApiKeyCommit guarda clave de OCR
[22m[39m[useAuditLog] Error loading logs: [DexieError [MissingAPIError]: IndexedDB API missing. Please visit https://tinyurl.com/y2uuvskb] {
  inner: [1mnull[22m
}
An update to TestComponent inside a test was not wrapped in act(...).

When testing, code that causes React state updates should be wrapped into act(...):

act(() => {
  /* fire events that update state */
});
/* assert on the output */

This ensures that you're testing the behavior the user would see in the browser. Learn more at https://react.dev/link/wrap-tests-with-act

[90mstderr[2m | tests/hooks/useConfigPersistence.test.ts[2m > [22m[2museConfigPersistence[2m > [22m[2m13. handleOcrApiKeyCommit guarda clave de OCR
[22m[39m[DexieError [DatabaseClosedError]: MissingAPIError IndexedDB API missing. Please visit https://tinyurl.com/y2uuvskb] {
  inner: [DexieError [MissingAPIError]: IndexedDB API missing. Please visit https://tinyurl.com/y2uuvskb] {
    inner: [1mnull[22m
  }
}

[90mstderr[2m | tests/hooks/useConfigPersistence.test.ts[2m > [22m[2museConfigPersistence[2m > [22m[2m14. handleOcrModelCommit guarda modelo de OCR
[22m[39m[useAuditLog] Error loading logs: [DexieError [MissingAPIError]: IndexedDB API missing. Please visit https://tinyurl.com/y2uuvskb] {
  inner: [1mnull[22m
}
An update to TestComponent inside a test was not wrapped in act(...).

When testing, code that causes React state updates should be wrapped into act(...):

act(() => {
  /* fire events that update state */
});
/* assert on the output */

This ensures that you're testing the behavior the user would see in the browser. Learn more at https://react.dev/link/wrap-tests-with-act

[90mstderr[2m | tests/hooks/useConfigPersistence.test.ts[2m > [22m[2museConfigPersistence[2m > [22m[2m14. handleOcrModelCommit guarda modelo de OCR
[22m[39m[DexieError [DatabaseClosedError]: MissingAPIError IndexedDB API missing. Please visit https://tinyurl.com/y2uuvskb] {
  inner: [DexieError [MissingAPIError]: IndexedDB API missing. Please visit https://tinyurl.com/y2uuvskb] {
    inner: [1mnull[22m
  }
}

[90mstderr[2m | tests/hooks/useConfigPersistence.test.ts[2m > [22m[2museConfigPersistence[2m > [22m[2m15. handleOcrApiUrlCommit guarda URL de OCR
[22m[39m[useAuditLog] Error loading logs: [DexieError [MissingAPIError]: IndexedDB API missing. Please visit https://tinyurl.com/y2uuvskb] {
  inner: [1mnull[22m
}
An update to TestComponent inside a test was not wrapped in act(...).

When testing, code that causes React state updates should be wrapped into act(...):

act(() => {
  /* fire events that update state */
});
/* assert on the output */

This ensures that you're testing the behavior the user would see in the browser. Learn more at https://react.dev/link/wrap-tests-with-act

[90mstderr[2m | tests/hooks/useConfigPersistence.test.ts[2m > [22m[2museConfigPersistence[2m > [22m[2m15. handleOcrApiUrlCommit guarda URL de OCR
[22m[39m[DexieError [DatabaseClosedError]: MissingAPIError IndexedDB API missing. Please visit https://tinyurl.com/y2uuvskb] {
  inner: [DexieError [MissingAPIError]: IndexedDB API missing. Please visit https://tinyurl.com/y2uuvskb] {
    inner: [1mnull[22m
  }
}

[90mstderr[2m | tests/hooks/useConfigPersistence.test.ts[2m > [22m[2museConfigPersistence[2m > [22m[2m11. Valores por defecto cuando localStorage está vacío
[22m[39m[useAuditLog] Error loading logs: [DexieError [MissingAPIError]: IndexedDB API missing. Please visit https://tinyurl.com/y2uuvskb] {
  inner: [1mnull[22m
}
An update to TestComponent inside a test was not wrapped in act(...).

When testing, code that causes React state updates should be wrapped into act(...):

act(() => {
  /* fire events that update state */
});
/* assert on the output */

This ensures that you're testing the behavior the user would see in the browser. Learn more at https://react.dev/link/wrap-tests-with-act

[90mstderr[2m | tests/hooks/useConfigPersistence.test.ts[2m > [22m[2museConfigPersistence[2m > [22m[2m12. Manejo de errores en localStorage
[22m[39m[useAuditLog] Error loading logs: [DexieError [MissingAPIError]: IndexedDB API missing. Please visit https://tinyurl.com/y2uuvskb] {
  inner: [1mnull[22m
}
An update to TestComponent inside a test was not wrapped in act(...).

When testing, code that causes React state updates should be wrapped into act(...):

act(() => {
  /* fire events that update state */
});
/* assert on the output */

This ensures that you're testing the behavior the user would see in the browser. Learn more at https://react.dev/link/wrap-tests-with-act

 [32m✓[39m tests/hooks/useConfigPersistence.test.ts [2m([22m[2m17 tests[22m[2m)[22m[32m 164[2mms[22m[39m
 [32m✓[39m tests/horarioImportConfirm.test.tsx [2m([22m[2m6 tests[22m[2m)[22m[32m 131[2mms[22m[39m
 [32m✓[39m tests/workspaceHubLayout.test.tsx [2m([22m[2m5 tests[22m[2m)[22m[32m 190[2mms[22m[39m
 [32m✓[39m tests/hooks/useCommunicationProfiles.test.ts [2m([22m[2m8 tests[22m[2m)[22m[33m 672[2mms[22m[39m
 [32m✓[39m tests/hooks/useHorario.test.ts [2m([22m[2m7 tests[22m[2m)[22m[33m 593[2mms[22m[39m
 [32m✓[39m tests/hooks/useBrowserProfiles.test.ts [2m([22m[2m8 tests[22m[2m)[22m[33m 655[2mms[22m[39m
[90mstderr[2m | tests/integration.test.ts
[22m[39mTHREE.WARNING: Multiple instances of Three.js being imported.

[90mstderr[2m | tests/architecture.test.ts[2m > [22m[2mEXPRESSION_MAP vs expressionRegistry — Data Alignment [Hallazgo 6][2m > [22m[2mEXPRESSION_MAP must have all expressions registered in expressionRegistry
[22m[39mTHREE.WARNING: Multiple instances of Three.js being imported.

 [32m✓[39m tests/architecture.test.ts [2m([22m[2m35 tests[22m[2m)[22m[33m 2121[2mms[22m[39m
   [33m[2m✓[22m[39m EXPRESSION_MAP vs expressionRegistry — Data Alignment [Hallazgo 6][2m > [22mEXPRESSION_MAP must have all expressions registered in expressionRegistry [33m 1858[2mms[22m[39m
 [32m✓[39m tests/integration.test.ts [2m([22m[2m262 tests[22m[2m)[22m[32m 268[2mms[22m[39m
 [32m✓[39m tests/fluSpeech-japanese.test.ts [2m([22m[2m17 tests[22m[2m)[22m[33m 969[2mms[22m[39m
 [32m✓[39m tests/decorationsCatalog.test.ts [2m([22m[2m8 tests[22m[2m)[22m[33m 431[2mms[22m[39m
 [32m✓[39m tests/workspaceHubRunSearch.test.tsx [2m([22m[2m2 tests[22m[2m)[22m[32m 283[2mms[22m[39m
 [32m✓[39m tests/seasonalEffects.test.ts [2m([22m[2m8 tests[22m[2m)[22m[32m 152[2mms[22m[39m
 [32m✓[39m tests/hardcodeGuard.test.ts [2m([22m[2m2 tests[22m[2m)[22m[33m 308[2mms[22m[39m
 [32m✓[39m tests/hoyPanel.test.tsx [2m([22m[2m8 tests[22m[2m)[22m[33m 598[2mms[22m[39m
   [33m[2m✓[22m[39m HoyPanel — render del panel lateral[2m > [22mexpande el horario completo al pulsar "Ver horario completo" [33m 344[2mms[22m[39m
 [32m✓[39m tests/resultFeed.test.tsx [2m([22m[2m6 tests[22m[2m)[22m[32m 205[2mms[22m[39m
 [32m✓[39m tests/configCommands.test.ts [2m([22m[2m100 tests[22m[2m)[22m[32m 252[2mms[22m[39m
 [32m✓[39m tests/deterministicArbiter.test.ts [2m([22m[2m37 tests[22m[2m)[22m[32m 113[2mms[22m[39m
 [32m✓[39m tests/ordenaSecuencia.test.ts [2m([22m[2m14 tests[22m[2m)[22m[32m 28[2mms[22m[39m
[90mstderr[2m | tests/musicCapabilities.test.ts[2m > [22m[2mmusicPlayer — playSong (catálogo → en línea → not_found honesto)[2m > [22m[2mauto-recuperación: si el stream en línea se corta (error), reinicia para seguir cantando
[22m[39m[musicPlayer] stream interrumpido → reiniciando para seguir cantando

 [32m✓[39m tests/musicCapabilities.test.ts [2m([22m[2m26 tests[22m[2m)[22m[32m 113[2mms[22m[39m
 [32m✓[39m tests/remindersDateParser.test.ts [2m([22m[2m36 tests[22m[2m)[22m[32m 215[2mms[22m[39m
 [32m✓[39m tests/searchProxy.test.ts [2m([22m[2m18 tests[22m[2m)[22m[32m 74[2mms[22m[39m
 [32m✓[39m tests/horarioIntentParser.test.ts [2m([22m[2m20 tests[22m[2m)[22m[32m 48[2mms[22m[39m
 [32m✓[39m tests/moodService.test.ts [2m([22m[2m13 tests[22m[2m)[22m[32m 26[2mms[22m[39m
 [32m✓[39m tests/communicationProfileService.test.ts [2m([22m[2m33 tests[22m[2m)[22m[32m 85[2mms[22m[39m
 [32m✓[39m tests/searchSession.test.ts [2m([22m[2m37 tests[22m[2m)[22m[32m 35[2mms[22m[39m
 [32m✓[39m tests/diaryService.test.ts [2m([22m[2m13 tests[22m[2m)[22m[32m 19[2mms[22m[39m
 [32m✓[39m tests/selfKnowledge.test.ts [2m([22m[2m37 tests[22m[2m)[22m[32m 68[2mms[22m[39m
 [32m✓[39m tests/reminderIntentParser.test.ts [2m([22m[2m32 tests[22m[2m)[22m[32m 75[2mms[22m[39m
 [32m✓[39m tests/participantRegistry.test.ts [2m([22m[2m28 tests[22m[2m)[22m[32m 62[2mms[22m[39m
 [32m✓[39m tests/videoAssembler.test.ts [2m([22m[2m14 tests[22m[2m)[22m[32m 29[2mms[22m[39m
 [32m✓[39m tests/searchCatalog.test.ts [2m([22m[2m37 tests[22m[2m)[22m[32m 31[2mms[22m[39m
 [32m✓[39m tests/configEnv.test.ts [2m([22m[2m9 tests[22m[2m)[22m[32m 69[2mms[22m[39m
 [32m✓[39m tests/exportUtils.test.ts [2m([22m[2m10 tests[22m[2m)[22m[32m 50[2mms[22m[39m
 [32m✓[39m tests/fluParticipantHook.test.ts [2m([22m[2m3 tests[22m[2m)[22m[32m 41[2mms[22m[39m
 [32m✓[39m tests/contactsService.test.ts [2m([22m[2m13 tests[22m[2m)[22m[32m 41[2mms[22m[39m
 [32m✓[39m tests/browserProfileService.test.ts [2m([22m[2m19 tests[22m[2m)[22m[32m 39[2mms[22m[39m
 [32m✓[39m tests/voiceFlowIntegration.test.ts [2m([22m[2m20 tests[22m[2m)[22m[32m 93[2mms[22m[39m
 [32m✓[39m tests/environmentRegistry.test.ts [2m([22m[2m43 tests[22m[2m)[22m[32m 26[2mms[22m[39m
 [32m✓[39m tests/gameCommands.test.ts [2m([22m[2m16 tests[22m[2m)[22m[32m 17[2mms[22m[39m
 [32m✓[39m tests/temporalService.test.ts [2m([22m[2m20 tests[22m[2m)[22m[32m 22[2mms[22m[39m
 [32m✓[39m tests/dynamicPaletas.test.ts [2m([22m[2m30 tests[22m[2m)[22m[32m 23[2mms[22m[39m
 [32m✓[39m tests/loteria.test.ts [2m([22m[2m28 tests[22m[2m)[22m[32m 37[2mms[22m[39m
 [32m✓[39m tests/materiaGrisService.test.ts [2m([22m[2m9 tests[22m[2m)[22m[32m 36[2mms[22m[39m
 [32m✓[39m tests/minuteKnowledgeHelpers.test.ts [2m([22m[2m26 tests[22m[2m)[22m[32m 38[2mms[22m[39m
[90mstderr[2m | tests/localAi.test.ts[2m > [22m[2mlocalAi — deepseek F1/F2/F3 con endpoint local[2m > [22m[2manalyzeDocument local con LLM caído degrada a contrato heurístico
[22m[39mDeepSeek analyzeDocument fallback to heuristic contract: Error: ECONNREFUSED local LLM down
    at [90md:\D-Proyectos\D-3-FLU-OS4\[39mtests\localAi.test.ts:69:15
    at mockCall [90m(file:///d:/D-Proyectos/D-3-FLU-OS4/[39mnode_modules/[4m@vitest/spy[24m/dist/index.js:96:15[90m)[39m
    at spy [90m(file:///d:/D-Proyectos/D-3-FLU-OS4/[39mnode_modules/[4mtinyspy[24m/dist/index.js:47:80[90m)[39m
    at fetchTextEngine [90m(d:\D-Proyectos\D-3-FLU-OS4\[39msrc\core\ai\httpClient.ts:85:18[90m)[39m
    at DeepSeekService.postJson [90m(d:\D-Proyectos\D-3-FLU-OS4\[39msrc\services\deepseek.ts:827:32[90m)[39m
    at DeepSeekService.analyzeDocument [90m(d:\D-Proyectos\D-3-FLU-OS4\[39msrc\services\deepseek.ts:866:40[90m)[39m
    at [90md:\D-Proyectos\D-3-FLU-OS4\[39mtests\localAi.test.ts:149:46
    at [90mfile:///d:/D-Proyectos/D-3-FLU-OS4/[39mnode_modules/[4m@vitest/runner[24m/dist/chunk-hooks.js:155:11
    at [90mfile:///d:/D-Proyectos/D-3-FLU-OS4/[39mnode_modules/[4m@vitest/runner[24m/dist/chunk-hooks.js:752:26
    at [90mfile:///d:/D-Proyectos/D-3-FLU-OS4/[39mnode_modules/[4m@vitest/runner[24m/dist/chunk-hooks.js:1897:20

 [32m✓[39m tests/localAi.test.ts [2m([22m[2m11 tests[22m[2m)[22m[32m 42[2mms[22m[39m
 [32m✓[39m tests/voiceConfigCatalog.test.ts [2m([22m[2m26 tests[22m[2m)[22m[32m 37[2mms[22m[39m
 [32m✓[39m tests/horarioService.test.ts [2m([22m[2m26 tests[22m[2m)[22m[32m 42[2mms[22m[39m
 [32m✓[39m tests/temporalIntentParser.test.ts [2m([22m[2m37 tests[22m[2m)[22m[32m 32[2mms[22m[39m
 [32m✓[39m tests/dynamicAmbientes.test.ts [2m([22m[2m37 tests[22m[2m)[22m[32m 24[2mms[22m[39m
 [32m✓[39m tests/notificationService.test.ts [2m([22m[2m19 tests[22m[2m)[22m[32m 29[2mms[22m[39m
 [32m✓[39m tests/gameCatalog.test.ts [2m([22m[2m37 tests[22m[2m)[22m[32m 34[2mms[22m[39m
 [32m✓[39m tests/localTts.test.ts [2m([22m[2m20 tests[22m[2m)[22m[32m 25[2mms[22m[39m
 [32m✓[39m tests/onboardingService.test.ts [2m([22m[2m25 tests[22m[2m)[22m[32m 26[2mms[22m[39m
 [32m✓[39m tests/palabrasEncadenadas.test.ts [2m([22m[2m10 tests[22m[2m)[22m[32m 23[2mms[22m[39m
 [32m✓[39m tests/storyteller.test.ts [2m([22m[2m19 tests[22m[2m)[22m[32m 29[2mms[22m[39m
 [32m✓[39m tests/deviceActionIntentParser.test.ts [2m([22m[2m35 tests[22m[2m)[22m[32m 25[2mms[22m[39m
 [32m✓[39m tests/adivinaCancion.test.ts [2m([22m[2m16 tests[22m[2m)[22m[32m 30[2mms[22m[39m
 [32m✓[39m tests/reminderService.test.ts [2m([22m[2m17 tests[22m[2m)[22m[32m 25[2mms[22m[39m
[90mstdout[2m | tests/translationIntegration.test.ts[2m > [22m[2mgenerateFluContract — idioma / estructura de conversación (pipeline real, OS4)[2m > [22m[2m"di en chino hola" → SIN override hardcodeado, IDIOMA activa, historial completo, passthrough
[22m[39m[FLU-DEBUG] generateFluContract called. apiKey param present: [33mtrue[39m resolvedKey source: localStorage resolvedKey length: [33m14[39m model: google/gemini-2.5-flash-lite transcript: di en chino hola

[90mstdout[2m | tests/translationIntegration.test.ts[2m > [22m[2mgenerateFluContract — idioma / estructura de conversación (pipeline real, OS4)[2m > [22m[2m"traduce a español lo que hablaste" → SIN override, historial completo, traducción del modelo
[22m[39m[FLU-DEBUG] generateFluContract called. apiKey param present: [33mtrue[39m resolvedKey source: localStorage resolvedKey length: [33m14[39m model: google/gemini-2.5-flash-lite transcript: traduce a español lo que hablaste

[90mstdout[2m | tests/translationIntegration.test.ts[2m > [22m[2mgenerateFluContract — idioma / estructura de conversación (pipeline real, OS4)[2m > [22m[2mturno normal → system sin override, IDIOMA activa intacta, passthrough
[22m[39m[FLU-DEBUG] generateFluContract called. apiKey param present: [33mtrue[39m resolvedKey source: localStorage resolvedKey length: [33m14[39m model: google/gemini-2.5-flash-lite transcript: hola

 [32m✓[39m tests/translationIntegration.test.ts [2m([22m[2m3 tests[22m[2m)[22m[32m 29[2mms[22m[39m
 [32m✓[39m tests/trabalenguas.test.ts [2m([22m[2m13 tests[22m[2m)[22m[32m 21[2mms[22m[39m
 [32m✓[39m tests/environmentIntents.test.ts [2m([22m[2m31 tests[22m[2m)[22m[32m 32[2mms[22m[39m
 [32m✓[39m tests/habitsService.test.ts [2m([22m[2m18 tests[22m[2m)[22m[32m 29[2mms[22m[39m
 [32m✓[39m tests/voiceCommandAnalysis.test.ts [2m([22m[2m18 tests[22m[2m)[22m[32m 46[2mms[22m[39m
 [32m✓[39m tests/trivia.test.ts [2m([22m[2m15 tests[22m[2m)[22m[32m 24[2mms[22m[39m
 [32m✓[39m tests/karaoke.test.ts [2m([22m[2m14 tests[22m[2m)[22m[32m 21[2mms[22m[39m
 [32m✓[39m tests/formatAdapters.test.ts [2m([22m[2m12 tests[22m[2m)[22m[32m 14[2mms[22m[39m
 [32m✓[39m tests/userEmotionDetector.test.ts [2m([22m[2m31 tests[22m[2m)[22m[32m 27[2mms[22m[39m
 [32m✓[39m tests/documentParser.test.ts [2m([22m[2m22 tests[22m[2m)[22m[32m 26[2mms[22m[39m
 [32m✓[39m tests/searchLanguage.test.ts [2m([22m[2m15 tests[22m[2m)[22m[32m 14[2mms[22m[39m
 [32m✓[39m tests/memoriaSecuencias.test.ts [2m([22m[2m15 tests[22m[2m)[22m[32m 24[2mms[22m[39m
 [32m✓[39m tests/catalogRegistry.test.ts [2m([22m[2m14 tests[22m[2m)[22m[32m 24[2mms[22m[39m
 [32m✓[39m tests/abecedario.test.ts [2m([22m[2m13 tests[22m[2m)[22m[32m 25[2mms[22m[39m
 [32m✓[39m tests/deviceActionService.test.ts [2m([22m[2m27 tests[22m[2m)[22m[32m 22[2mms[22m[39m
 [32m✓[39m tests/repiteTraduce.test.ts [2m([22m[2m13 tests[22m[2m)[22m[32m 24[2mms[22m[39m
 [32m✓[39m tests/ahorcado.test.ts [2m([22m[2m16 tests[22m[2m)[22m[32m 23[2mms[22m[39m
 [32m✓[39m tests/turnSpeakerCommit.test.ts [2m([22m[2m16 tests[22m[2m)[22m[32m 19[2mms[22m[39m
 [32m✓[39m tests/audioAlert.test.ts [2m([22m[2m8 tests[22m[2m)[22m[32m 22[2mms[22m[39m
 [32m✓[39m tests/adivinaNumero.test.ts [2m([22m[2m13 tests[22m[2m)[22m[32m 23[2mms[22m[39m
 [32m✓[39m tests/fluParticipant.test.ts [2m([22m[2m34 tests[22m[2m)[22m[32m 17[2mms[22m[39m
 [32m✓[39m tests/emotionalState.test.ts [2m([22m[2m13 tests[22m[2m)[22m[32m 11[2mms[22m[39m
 [32m✓[39m tests/shoppingList.test.ts [2m([22m[2m17 tests[22m[2m)[22m[32m 16[2mms[22m[39m
 [32m✓[39m tests/searchConfigOverrides.test.ts [2m([22m[2m20 tests[22m[2m)[22m[32m 24[2mms[22m[39m
 [32m✓[39m tests/browserSession.test.ts [2m([22m[2m23 tests[22m[2m)[22m[32m 19[2mms[22m[39m
 [32m✓[39m tests/riddles.test.ts [2m([22m[2m13 tests[22m[2m)[22m[32m 18[2mms[22m[39m
 [32m✓[39m tests/speechMerge.test.ts [2m([22m[2m25 tests[22m[2m)[22m[32m 17[2mms[22m[39m
 [32m✓[39m tests/workspaceVisualQualifier.test.ts [2m([22m[2m21 tests[22m[2m)[22m[32m 18[2mms[22m[39m
 [32m✓[39m tests/quienSoy.test.ts [2m([22m[2m14 tests[22m[2m)[22m[32m 20[2mms[22m[39m
 [32m✓[39m tests/horarioPizarron.test.ts [2m([22m[2m7 tests[22m[2m)[22m[32m 15[2mms[22m[39m
 [32m✓[39m tests/shoppingService.test.ts [2m([22m[2m16 tests[22m[2m)[22m[32m 28[2mms[22m[39m
 [32m✓[39m tests/cuentoColaborativo.test.ts [2m([22m[2m12 tests[22m[2m)[22m[32m 22[2mms[22m[39m
 [32m✓[39m tests/theoryOfMind.test.ts [2m([22m[2m21 tests[22m[2m)[22m[32m 26[2mms[22m[39m
 [32m✓[39m tests/browserReadability.test.ts [2m([22m[2m8 tests[22m[2m)[22m[32m 13[2mms[22m[39m
 [32m✓[39m tests/calculoMental.test.ts [2m([22m[2m14 tests[22m[2m)[22m[32m 17[2mms[22m[39m
 [32m✓[39m tests/onboardingFlow.test.ts [2m([22m[2m25 tests[22m[2m)[22m[32m 20[2mms[22m[39m
 [32m✓[39m tests/environmentPrompt.test.ts [2m([22m[2m11 tests[22m[2m)[22m[32m 29[2mms[22m[39m
[90mstderr[2m | tests/animationConsistency.test.ts
[22m[39mTHREE.WARNING: Multiple instances of Three.js being imported.

 [32m✓[39m tests/analysisFallbacks.test.ts [2m([22m[2m5 tests[22m[2m)[22m[32m 11[2mms[22m[39m
 [32m✓[39m tests/animationConsistency.test.ts [2m([22m[2m14 tests[22m[2m)[22m[32m 17[2mms[22m[39m
 [32m✓[39m tests/cuentaConmigo.test.ts [2m([22m[2m14 tests[22m[2m)[22m[32m 19[2mms[22m[39m
 [32m✓[39m tests/gameEngine.test.ts [2m([22m[2m9 tests[22m[2m)[22m[32m 13[2mms[22m[39m
 [32m✓[39m tests/speakerSoloCoalesce.test.ts [2m([22m[2m12 tests[22m[2m)[22m[32m 19[2mms[22m[39m
 [32m✓[39m tests/veoVeo.test.ts [2m([22m[2m11 tests[22m[2m)[22m[32m 21[2mms[22m[39m
 [32m✓[39m tests/systemEventLog.test.ts [2m([22m[2m34 tests[22m[2m)[22m[32m 19[2mms[22m[39m
 [32m✓[39m tests/simonDice.test.ts [2m([22m[2m12 tests[22m[2m)[22m[32m 13[2mms[22m[39m
 [32m✓[39m tests/musicSearch.test.ts [2m([22m[2m6 tests[22m[2m)[22m[32m 11[2mms[22m[39m
 [32m✓[39m tests/forgettingCurve.test.ts [2m([22m[2m13 tests[22m[2m)[22m[32m 10[2mms[22m[39m
 [32m✓[39m tests/appAnalyzer.test.ts [2m([22m[2m11 tests[22m[2m)[22m[32m 19[2mms[22m[39m
 [32m✓[39m tests/environmentStore.test.ts [2m([22m[2m9 tests[22m[2m)[22m[32m 10[2mms[22m[39m
 [32m✓[39m tests/transcriptionDedupLoss.test.ts [2m([22m[2m12 tests[22m[2m)[22m[32m 12[2mms[22m[39m
 [32m✓[39m tests/scheduleEngine.test.ts [2m([22m[2m20 tests[22m[2m)[22m[32m 13[2mms[22m[39m
 [32m✓[39m tests/dndPolicy.test.ts [2m([22m[2m12 tests[22m[2m)[22m[32m 9[2mms[22m[39m
 [32m✓[39m tests/respiracion.test.ts [2m([22m[2m13 tests[22m[2m)[22m[32m 18[2mms[22m[39m
 [32m✓[39m tests/remindersAgenda.test.ts [2m([22m[2m12 tests[22m[2m)[22m[32m 14[2mms[22m[39m
 [32m✓[39m tests/notesService.test.ts [2m([22m[2m16 tests[22m[2m)[22m[32m 19[2mms[22m[39m
 [32m✓[39m tests/reminderScheduler.test.ts [2m([22m[2m17 tests[22m[2m)[22m[32m 11[2mms[22m[39m
 [32m✓[39m tests/transcriptQuality.test.ts [2m([22m[2m16 tests[22m[2m)[22m[32m 11[2mms[22m[39m
 [32m✓[39m tests/memoryConsolidation.test.ts [2m([22m[2m15 tests[22m[2m)[22m[32m 13[2mms[22m[39m
 [32m✓[39m tests/preferenceLearner.test.ts [2m([22m[2m16 tests[22m[2m)[22m[32m 17[2mms[22m[39m
 [32m✓[39m tests/goalTracker.test.ts [2m([22m[2m12 tests[22m[2m)[22m[32m 14[2mms[22m[39m
 [32m✓[39m tests/stability-guards.test.ts [2m([22m[2m10 tests[22m[2m)[22m[32m 11[2mms[22m[39m
 [32m✓[39m tests/generationPrompts.test.ts [2m([22m[2m16 tests[22m[2m)[22m[32m 12[2mms[22m[39m
 [32m✓[39m tests/documentChunker.test.ts [2m([22m[2m12 tests[22m[2m)[22m[32m 15[2mms[22m[39m
 [32m✓[39m tests/workspaceContractHorario.test.ts [2m([22m[2m17 tests[22m[2m)[22m[32m 13[2mms[22m[39m
 [32m✓[39m tests/documentGenerationStore.test.ts [2m([22m[2m6 tests[22m[2m)[22m[32m 12[2mms[22m[39m
 [32m✓[39m tests/discourseMarkers.test.ts [2m([22m[2m9 tests[22m[2m)[22m[32m 14[2mms[22m[39m
 [32m✓[39m tests/browserNavigation.test.ts [2m([22m[2m5 tests[22m[2m)[22m[32m 10[2mms[22m[39m
 [32m✓[39m tests/validateIntegralCtx.test.ts [2m([22m[2m8 tests[22m[2m)[22m[32m 9[2mms[22m[39m
 [32m✓[39m tests/streamSttProvider.test.ts [2m([22m[2m6 tests[22m[2m)[22m[32m 6[2mms[22m[39m
 [32m✓[39m tests/language-regression.test.ts [2m([22m[2m13 tests[22m[2m)[22m[32m 11[2mms[22m[39m
 [32m✓[39m tests/localTranslate.test.ts [2m([22m[2m11 tests[22m[2m)[22m[32m 11[2mms[22m[39m
 [32m✓[39m tests/participantProfiles.test.ts [2m([22m[2m15 tests[22m[2m)[22m[32m 8[2mms[22m[39m
 [32m✓[39m tests/simpleRequestDetection.test.ts [2m([22m[2m29 tests[22m[2m)[22m[32m 12[2mms[22m[39m
 [32m✓[39m tests/gameSpeech.test.ts [2m([22m[2m7 tests[22m[2m)[22m[32m 8[2mms[22m[39m
 [32m✓[39m tests/minuteSuggester.test.ts [2m([22m[2m10 tests[22m[2m)[22m[32m 9[2mms[22m[39m
 [32m✓[39m tests/proactiveEngine.test.ts [2m([22m[2m12 tests[22m[2m)[22m[32m 9[2mms[22m[39m
 [32m✓[39m tests/conversationFlow.test.ts [2m([22m[2m8 tests[22m[2m)[22m[32m 6[2mms[22m[39m
 [32m✓[39m tests/wakeWordDisplay.test.ts [2m([22m[2m6 tests[22m[2m)[22m[32m 4[2mms[22m[39m

[2m Test Files [22m [1m[32m138 passed[39m[22m[90m (138)[39m
[2m      Tests [22m [1m[32m2617 passed[39m[22m[90m (2617)[39m
[2m   Start at [22m 22:21:25
[2m   Duration [22m 43.17s[2m (transform 11.58s, setup 0ms, collect 38.03s, tests 12.60s, environment 315.96s, prepare 31.32s)[22m

